Microchip MPLAB XC8 Compiler V1.45 ()

Linker command line:

-W-3 --edf=C:\Program Files (x86)\Microchip\xc8\v1.45\dat\en_msgs.txt -cs \
  -h+dist/default/production\LampaUV.X.production.sym \
  --cmf=dist/default/production\LampaUV.X.production.cmf -z -Q16F18855 \
  -oC:\Users\georg\AppData\Local\Temp\s48s.2 \
  -Mdist/default/production/LampaUV.X.production.map -E1 -ver=XC8 \
  -ASTACK=02025h-023efh -pstack=STACK -ACODE=00h-07FFhx4 \
  -ASTRCODE=00h-01FFFh -ASTRING=00h-0FFhx32 -ACONST=00h-0FFhx32 \
  -AENTRY=00h-0FFhx32 -ACOMMON=070h-07Fh -ABANK0=020h-06Fh \
  -ABANK1=0A0h-0EFh -ABANK2=0120h-016Fh -ABANK3=01A0h-01EFh \
  -ABANK4=0220h-026Fh -ABANK5=02A0h-02EFh -ABANK6=0320h-036Fh \
  -ABANK7=03A0h-03EFh -ABANK8=0420h-046Fh -ABANK9=04A0h-04EFh \
  -ABANK10=0520h-056Fh -ABANK11=05A0h-05EFh -ABANK12=0620h-064Fh \
  -ABIGRAM=02000h-023EFh \
  -ARAM=020h-06Fh,0A0h-0EFh,0120h-016Fh,01A0h-01EFh,0220h-026Fh,02A0h-02EFh,0320h-036Fh,03A0h-03EFh,0420h-046Fh,04A0h-04EFh,0520h-056Fh,05A0h-05EFh,0620h-064Fh \
  -AABS1=020h-07Fh,0A0h-0EFh,0120h-016Fh,01A0h-01EFh,0220h-026Fh,02A0h-02EFh,0320h-036Fh,03A0h-03EFh,0420h-046Fh,04A0h-04EFh,0520h-056Fh,05A0h-05EFh,0620h-064Fh \
  -ASFR0=00h-01Fh -ASFR1=080h-09Fh -ASFR2=0100h-011Fh -ASFR3=0180h-019Fh \
  -ASFR4=0200h-021Fh -ASFR5=0280h-029Fh -ASFR6=0300h-031Fh \
  -ASFR7=0380h-039Fh -ASFR8=0400h-041Fh -ASFR9=0480h-049Fh \
  -ASFR10=0500h-051Fh -ASFR11=0580h-059Fh -ASFR12=0600h-061Fh \
  -ASFR13=0680h-06EFh -ASFR14=0700h-076Fh -ASFR15=0780h-07EFh \
  -ASFR16=0800h-086Fh -ASFR17=0880h-08EFh -ASFR18=0900h-096Fh \
  -ASFR19=0980h-09EFh -ASFR20=0A00h-0A6Fh -ASFR21=0A80h-0AEFh \
  -ASFR22=0B00h-0B6Fh -ASFR23=0B80h-0BEFh -ASFR24=0C00h-0C6Fh \
  -ASFR25=0C80h-0CEFh -ASFR26=0D00h-0D6Fh -ASFR27=0D80h-0DEFh \
  -ASFR28=0E00h-0E6Fh -ASFR29=0E80h-0EEFh -ASFR30=0F00h-0F6Fh \
  -ASFR31=0F80h-0FEFh -preset_vec=00h,intentry=04h,init,end_init \
  -ppowerup=CODE -pcinit=CODE -pfunctab=ENTRY -ACONFIG=08007h-0800Bh \
  -pconfig=CONFIG -DCONFIG=2 -AIDLOC=08000h-08003h -pidloc=IDLOC -DIDLOC=2 \
  -AEEDATA=00h-0FFh/0F000h -peeprom_data=EEDATA -DEEDATA=2 -DCODE=2 \
  -DSTRCODE=2 -DSTRING=2 -DCONST=2 -DENTRY=2 -k \
  C:\Users\georg\AppData\Local\Temp\s48s.obj \
  dist/default/production\LampaUV.X.production.obj 

Object code version is 3.11

Machine type is 16F18855



                Name                               Link     Load   Length Selector   Space Scale
C:\Users\georg\AppData\Local\Temp\s48s.obj
                end_init                             46       46        2        8       0
                reset_vec                             0        0        2        0       0
                config                             8007     8007        5    1000E       0
dist/default/production\LampaUV.X.production.obj
                cinit                                48       48        B        8       0
                intentry                              4        4       42        8       0
                text14                              442      442       18        8       0
                text13                              46E      46E       13        8       0
                text12                              4AD      4AD        8      922       0
                text11                              2FF      2FF       41        8       0
                text10                              340      340       40        8       0
                text9                               3E1      3E1       2C        8       0
                text8                               428      428       1A        8       0
                text7                               49F      49F        E      922       0
                text6                               45A      45A       14        8       0
                text5                               380      380       34        8       0
                text4                               3B4      3B4       2D        8       0
                text3                               40D      40D       1B        8       0
                text2                               491      491        E      922       0
                text1                               1AF      1AF      150        8       0
                maintext                             53       53      15C        8       0
                cstackBANK0                          20       20       17       20       1
                cstackCOMMON                         70       70        D       70       1
                clrtext                             4BB      4BB        6      976       0
                bssBANK0                             37       37        E       20       1
                stringtext6                         4CF      4CF        2      982       0
                stringtext5                         4CB      4CB        4      982       0
                stringtext4                         4C6      4C6        5      982       0
                stringtext3                         4C1      4C1        5      982       0
                stringtext2                         4B5      4B5        6      96A       0
                stringtext1                         481      481       10      902       0

TOTAL           Name                               Link     Load   Length     Space
        CLASS   STACK          

        CLASS   CODE           
                end_init                             46       46        2         0
                cinit                                48       48        B         0
                intentry                              4        4       42         0
                reset_vec                             0        0        2         0
                text14                              442      442       18         0
                text13                              46E      46E       13         0
                text12                              4AD      4AD        8         0
                text11                              2FF      2FF       41         0
                text10                              340      340       40         0
                text9                               3E1      3E1       2C         0
                text8                               428      428       1A         0
                text7                               49F      49F        E         0
                text6                               45A      45A       14         0
                text5                               380      380       34         0
                text4                               3B4      3B4       2D         0
                text3                               40D      40D       1B         0
                text2                               491      491        E         0
                text1                               1AF      1AF      150         0
                maintext                             53       53      15C         0
                clrtext                             4BB      4BB        6         0

        CLASS   STRCODE        
                stringtext6                         4CF      4CF        2         0
                stringtext5                         4CB      4CB        4         0
                stringtext4                         4C6      4C6        5         0
                stringtext3                         4C1      4C1        5         0
                stringtext2                         4B5      4B5        6         0
                stringtext1                         481      481       10         0

        CLASS   STRING         

        CLASS   CONST          

        CLASS   ENTRY          

        CLASS   COMMON         
                cstackCOMMON                         70       70        D         1

        CLASS   BANK0          
                cstackBANK0                          20       20       17         1
                bssBANK0                             37       37        E         1

        CLASS   BANK1          

        CLASS   BANK2          

        CLASS   BANK3          

        CLASS   BANK4          

        CLASS   BANK5          

        CLASS   BANK6          

        CLASS   BANK7          

        CLASS   BANK8          

        CLASS   BANK9          

        CLASS   BANK10         

        CLASS   BANK11         

        CLASS   BANK12         

        CLASS   BIGRAM         

        CLASS   RAM            

        CLASS   ABS1           
                abs_s1                               7E       7E        2         1

        CLASS   SFR0           

        CLASS   SFR1           

        CLASS   SFR2           

        CLASS   SFR3           

        CLASS   SFR4           

        CLASS   SFR5           

        CLASS   SFR6           

        CLASS   SFR7           

        CLASS   SFR8           

        CLASS   SFR9           

        CLASS   SFR10          

        CLASS   SFR11          

        CLASS   SFR12          

        CLASS   SFR13          

        CLASS   SFR14          

        CLASS   SFR15          

        CLASS   SFR16          

        CLASS   SFR17          

        CLASS   SFR18          

        CLASS   SFR19          

        CLASS   SFR20          

        CLASS   SFR21          

        CLASS   SFR22          

        CLASS   SFR23          

        CLASS   SFR24          

        CLASS   SFR25          

        CLASS   SFR26          

        CLASS   SFR27          

        CLASS   SFR28          

        CLASS   SFR29          

        CLASS   SFR30          

        CLASS   SFR31          

        CLASS   CONFIG         
                config                             8007     8007        5         0

        CLASS   IDLOC          

        CLASS   EEDATA         

        CLASS   BANK31         

        CLASS   BANK30         

        CLASS   BANK29         

        CLASS   BANK28         

        CLASS   BANK27         

        CLASS   BANK26         

        CLASS   BANK25         

        CLASS   BANK24         

        CLASS   BANK23         

        CLASS   BANK22         

        CLASS   BANK21         

        CLASS   BANK20         

        CLASS   BANK19         

        CLASS   BANK18         

        CLASS   BANK17         

        CLASS   BANK16         

        CLASS   BANK15         

        CLASS   BANK14         

        CLASS   BANK13         



SEGMENTS        Name                           Load    Length   Top    Selector   Space  Class     Delta

                reset_vec                      000000  000002  000002         0       0  CODE        2
                intentry                       000004  00047D  000481         8       0  CODE        2
                cstackBANK0                    000020  000025  000045        20       1  BANK0       1
                cstackCOMMON                   000070  00000D  00007D        70       1  COMMON      1
                stringtext1                    000481  000010  000491       902       0  STRCODE     2
                text2                          000491  000024  0004B5       922       0  CODE        2
                stringtext2                    0004B5  000006  0004BB       96A       0  STRCODE     2
                clrtext                        0004BB  000006  0004C1       976       0  CODE        2
                stringtext3                    0004C1  000010  0004D1       982       0  STRCODE     2
                config                         008007  000005  00800C     1000E       0  CONFIG      2


UNUSED ADDRESS RANGES

        Name                Unused          Largest block    Delta
        BANK0            00045-0006F              2B           1
        BANK1            000A0-000EF              50           1
        BANK10           00520-0056F              50           1
        BANK11           005A0-005EF              50           1
        BANK12           00620-0064F              30           1
        BANK2            00120-0016F              50           1
        BANK3            001A0-001EF              50           1
        BANK4            00220-0026F              50           1
        BANK5            002A0-002EF              50           1
        BANK6            00320-0036F              50           1
        BANK7            003A0-003EF              50           1
        BANK8            00420-0046F              50           1
        BANK9            004A0-004EF              50           1
        BIGRAM           02000-023EF             3F0           1
        CODE             00002-00003               2           2
                         004D1-01FFF             800
        COMMON           0007D-0007D               1           1
        CONST            00002-00003               2           2
                         004D1-01FFF             100
        EEDATA           0F000-0F0FF             100           2
        ENTRY            00002-00003               2           2
                         004D1-01FFF             100
        IDLOC            08000-08003               4           2
        RAM              00045-0006F              2B           1
                         000A0-000EF              50
                         00120-0016F              50
                         001A0-001EF              50
                         00220-0026F              50
                         002A0-002EF              50
                         00320-0036F              50
                         003A0-003EF              50
                         00420-0046F              50
                         004A0-004EF              50
                         00520-0056F              50
                         005A0-005EF              50
                         00620-0064F              30
        SFR0             00000-0001F              20           1
        SFR1             00080-0009F              20           1
        SFR10            00500-0051F              20           1
        SFR11            00580-0059F              20           1
        SFR12            00600-0061F              20           1
        SFR13            00680-006EF              70           1
        SFR14            00700-0076F              70           1
        SFR15            00780-007EF              70           1
        SFR16            00800-0086F              70           1
        SFR17            00880-008EF              70           1
        SFR18            00900-0096F              70           1
        SFR19            00980-009EF              70           1
        SFR2             00100-0011F              20           1
        SFR20            00A00-00A6F              70           1
        SFR21            00A80-00AEF              70           1
        SFR22            00B00-00B6F              70           1
        SFR23            00B80-00BEF              70           1
        SFR24            00C00-00C6F              70           1
        SFR25            00C80-00CEF              70           1
        SFR26            00D00-00D6F              70           1
        SFR27            00D80-00DEF              70           1
        SFR28            00E00-00E6F              70           1
        SFR29            00E80-00EEF              70           1
        SFR3             00180-0019F              20           1
        SFR30            00F00-00F6F              70           1
        SFR31            00F80-00FEF              70           1
        SFR4             00200-0021F              20           1
        SFR5             00280-0029F              20           1
        SFR6             00300-0031F              20           1
        SFR7             00380-0039F              20           1
        SFR8             00400-0041F              20           1
        SFR9             00480-0049F              20           1
        STACK            02025-023EF             3CB           1
        STRCODE          00002-00003               2           2
                         004D1-01FFF            1B2F
        STRING           00002-00003               2           2
                         004D1-01FFF             100

                                  Symbol Table

?___lwdiv                  cstackCOMMON 00071
?___lwmod                  cstackCOMMON 00079
?___wmul                   cstackCOMMON 00071
?_sprintf                  cstackBANK0  00022
Lcd_Cmd@a                  cstackCOMMON 00073
Lcd_Port@a                 cstackCOMMON 00071
Lcd_Set_Cursor@a           cstackCOMMON 00077
Lcd_Set_Cursor@b           cstackCOMMON 00074
Lcd_Set_Cursor@temp        cstackCOMMON 0007A
Lcd_Set_Cursor@y           cstackCOMMON 00079
Lcd_Set_Cursor@z           cstackCOMMON 00078
Lcd_Write_Char@a           cstackCOMMON 00075
Lcd_Write_Char@temp        cstackCOMMON 00073
Lcd_Write_Char@y           cstackCOMMON 00074
Lcd_Write_String@a         cstackCOMMON 00076
Lcd_Write_String@i         cstackCOMMON 00079
_ANSELA                    (abs)        00F38
_ANSELB                    (abs)        00F43
_ANSELC                    (abs)        00F4E
_INTCONbits                (abs)        0000B
_LATA                      (abs)        00016
_LATAbits                  (abs)        00016
_LATB                      (abs)        00017
_LATC                      (abs)        00018
_LATCbits                  (abs)        00018
_Lcd_Clear                 text12       004AD
_Lcd_Cmd                   text13       0046E
_Lcd_Init                  text11       002FF
_Lcd_Port                  text14       00442
_Lcd_Set_Cursor            text10       00340
_Lcd_Write_Char            text9        003E1
_Lcd_Write_String          text8        00428
_PIE0bits                  (abs)        00716
_PIR0bits                  (abs)        0070C
_PORTA                     (abs)        0000C
_PORTB                     (abs)        0000D
_PORTC                     (abs)        0000E
_RB0                       (abs)        00068
_RB1                       (abs)        00069
_RB2                       (abs)        0006A
_RB3                       (abs)        0006B
_RC2                       (abs)        00072
_RC3                       (abs)        00073
_RC4                       (abs)        00074
_RC5                       (abs)        00075
_RC6                       (abs)        00076
_RC7                       (abs)        00077
_T0CON0                    (abs)        0001E
_T0CON0bits                (abs)        0001E
_T0CON1                    (abs)        0001F
_TMR0H                     (abs)        0001D
_TMR0L                     (abs)        0001C
_TRISA                     (abs)        00011
_TRISB                     (abs)        00012
_TRISBbits                 (abs)        00012
_TRISC                     (abs)        00013
__CFG_BOREN$OFF            (abs)        00000
__CFG_BORV$LO              (abs)        00000
__CFG_CLKOUTEN$OFF         (abs)        00000
__CFG_CP$OFF               (abs)        00000
__CFG_CPD$OFF              (abs)        00000
__CFG_CSWEN$OFF            (abs)        00000
__CFG_FCMEN$OFF            (abs)        00000
__CFG_FEXTOSC$ECH          (abs)        00000
__CFG_LPBOREN$OFF          (abs)        00000
__CFG_LVP$ON               (abs)        00000
__CFG_MCLRE$ON             (abs)        00000
__CFG_PPS1WAY$OFF          (abs)        00000
__CFG_PWRTE$OFF            (abs)        00000
__CFG_RSTOSC$HFINTPLL      (abs)        00000
__CFG_SCANE$not_available  (abs)        00000
__CFG_STVREN$OFF           (abs)        00000
__CFG_WDTCCS$SC            (abs)        00000
__CFG_WDTCPS$WDTCPS_31     (abs)        00000
__CFG_WDTCWS$WDTCWS_7      (abs)        00000
__CFG_WDTE$OFF             (abs)        00000
__CFG_WRT$OFF              (abs)        00000
__CFG_ZCD$OFF              (abs)        00000
__Habs1                    abs1         00000
__Hbank0                   bank0        00000
__Hbank1                   bank1        00000
__Hbank10                  bank10       00000
__Hbank11                  bank11       00000
__Hbank12                  bank12       00000
__Hbank13                  bank13       00000
__Hbank14                  bank14       00000
__Hbank15                  bank15       00000
__Hbank16                  bank16       00000
__Hbank17                  bank17       00000
__Hbank18                  bank18       00000
__Hbank19                  bank19       00000
__Hbank2                   bank2        00000
__Hbank20                  bank20       00000
__Hbank21                  bank21       00000
__Hbank22                  bank22       00000
__Hbank23                  bank23       00000
__Hbank24                  bank24       00000
__Hbank25                  bank25       00000
__Hbank26                  bank26       00000
__Hbank27                  bank27       00000
__Hbank28                  bank28       00000
__Hbank29                  bank29       00000
__Hbank3                   bank3        00000
__Hbank30                  bank30       00000
__Hbank31                  bank31       00000
__Hbank4                   bank4        00000
__Hbank5                   bank5        00000
__Hbank6                   bank6        00000
__Hbank7                   bank7        00000
__Hbank8                   bank8        00000
__Hbank9                   bank9        00000
__Hbigram                  bigram       00000
__HbssBANK0                bssBANK0     00000
__Hcinit                   cinit        00053
__Hclrtext                 clrtext      00000
__Hcode                    code         00000
__Hcommon                  common       00000
__Hconfig                  config       0800C
__HcstackBANK0             cstackBANK0  00000
__HcstackCOMMON            cstackCOMMON 00000
__Heeprom_data             eeprom_data  00000
__Hend_init                end_init     00048
__Hfunctab                 functab      00000
__Hidloc                   idloc        00000
__Hinit                    init         00046
__Hintentry                intentry     00046
__Hmaintext                maintext     00000
__Hpowerup                 powerup      00000
__Hram                     ram          00000
__Hreset_vec               reset_vec    00002
__Hsfr0                    sfr0         00000
__Hsfr1                    sfr1         00000
__Hsfr10                   sfr10        00000
__Hsfr11                   sfr11        00000
__Hsfr12                   sfr12        00000
__Hsfr13                   sfr13        00000
__Hsfr14                   sfr14        00000
__Hsfr15                   sfr15        00000
__Hsfr16                   sfr16        00000
__Hsfr17                   sfr17        00000
__Hsfr18                   sfr18        00000
__Hsfr19                   sfr19        00000
__Hsfr2                    sfr2         00000
__Hsfr20                   sfr20        00000
__Hsfr21                   sfr21        00000
__Hsfr22                   sfr22        00000
__Hsfr23                   sfr23        00000
__Hsfr24                   sfr24        00000
__Hsfr25                   sfr25        00000
__Hsfr26                   sfr26        00000
__Hsfr27                   sfr27        00000
__Hsfr28                   sfr28        00000
__Hsfr29                   sfr29        00000
__Hsfr3                    sfr3         00000
__Hsfr30                   sfr30        00000
__Hsfr31                   sfr31        00000
__Hsfr4                    sfr4         00000
__Hsfr5                    sfr5         00000
__Hsfr6                    sfr6         00000
__Hsfr7                    sfr7         00000
__Hsfr8                    sfr8         00000
__Hsfr9                    sfr9         00000
__Hspace_0                 (abs)        0800C
__Hspace_1                 (abs)        0007D
__Hspace_2                 (abs)        00000
__Hspace_3                 (abs)        00000
__Hstack                   stack        00000
__Hstrings                 strings      00000
__Hstringtext1             stringtext1  00000
__Hstringtext2             stringtext2  00000
__Hstringtext3             stringtext3  00000
__Hstringtext4             stringtext4  00000
__Hstringtext5             stringtext5  00000
__Hstringtext6             stringtext6  00000
__Hstringtext7             stringtext7  00000
__Htext                    text         00000
__Labs1                    abs1         00000
__Lbank0                   bank0        00000
__Lbank1                   bank1        00000
__Lbank10                  bank10       00000
__Lbank11                  bank11       00000
__Lbank12                  bank12       00000
__Lbank13                  bank13       00000
__Lbank14                  bank14       00000
__Lbank15                  bank15       00000
__Lbank16                  bank16       00000
__Lbank17                  bank17       00000
__Lbank18                  bank18       00000
__Lbank19                  bank19       00000
__Lbank2                   bank2        00000
__Lbank20                  bank20       00000
__Lbank21                  bank21       00000
__Lbank22                  bank22       00000
__Lbank23                  bank23       00000
__Lbank24                  bank24       00000
__Lbank25                  bank25       00000
__Lbank26                  bank26       00000
__Lbank27                  bank27       00000
__Lbank28                  bank28       00000
__Lbank29                  bank29       00000
__Lbank3                   bank3        00000
__Lbank30                  bank30       00000
__Lbank31                  bank31       00000
__Lbank4                   bank4        00000
__Lbank5                   bank5        00000
__Lbank6                   bank6        00000
__Lbank7                   bank7        00000
__Lbank8                   bank8        00000
__Lbank9                   bank9        00000
__Lbigram                  bigram       00000
__LbssBANK0                bssBANK0     00000
__Lcinit                   cinit        00048
__Lclrtext                 clrtext      00000
__Lcode                    code         00000
__Lcommon                  common       00000
__Lconfig                  config       08007
__LcstackBANK0             cstackBANK0  00000
__LcstackCOMMON            cstackCOMMON 00000
__Leeprom_data             eeprom_data  00000
__Lend_init                end_init     00046
__Lfunctab                 functab      00000
__Lidloc                   idloc        00000
__Linit                    init         00046
__Lintentry                intentry     00004
__Lmaintext                maintext     00000
__Lpowerup                 powerup      00000
__Lram                     ram          00000
__Lreset_vec               reset_vec    00000
__Lsfr0                    sfr0         00000
__Lsfr1                    sfr1         00000
__Lsfr10                   sfr10        00000
__Lsfr11                   sfr11        00000
__Lsfr12                   sfr12        00000
__Lsfr13                   sfr13        00000
__Lsfr14                   sfr14        00000
__Lsfr15                   sfr15        00000
__Lsfr16                   sfr16        00000
__Lsfr17                   sfr17        00000
__Lsfr18                   sfr18        00000
__Lsfr19                   sfr19        00000
__Lsfr2                    sfr2         00000
__Lsfr20                   sfr20        00000
__Lsfr21                   sfr21        00000
__Lsfr22                   sfr22        00000
__Lsfr23                   sfr23        00000
__Lsfr24                   sfr24        00000
__Lsfr25                   sfr25        00000
__Lsfr26                   sfr26        00000
__Lsfr27                   sfr27        00000
__Lsfr28                   sfr28        00000
__Lsfr29                   sfr29        00000
__Lsfr3                    sfr3         00000
__Lsfr30                   sfr30        00000
__Lsfr31                   sfr31        00000
__Lsfr4                    sfr4         00000
__Lsfr5                    sfr5         00000
__Lsfr6                    sfr6         00000
__Lsfr7                    sfr7         00000
__Lsfr8                    sfr8         00000
__Lsfr9                    sfr9         00000
__Lspace_0                 (abs)        00000
__Lspace_1                 (abs)        00000
__Lspace_2                 (abs)        00000
__Lspace_3                 (abs)        00000
__Lstack                   stack        00000
__Lstrings                 strings      00000
__Lstringtext1             stringtext1  00000
__Lstringtext2             stringtext2  00000
__Lstringtext3             stringtext3  00000
__Lstringtext4             stringtext4  00000
__Lstringtext5             stringtext5  00000
__Lstringtext6             stringtext6  00000
__Lstringtext7             stringtext7  00000
__Ltext                    text         00000
__S0                       (abs)        0800C
__S1                       (abs)        0007D
__S2                       (abs)        00000
__S3                       (abs)        00000
___int_sp                  stack        00000
___latbits                 (abs)        00002
___lwdiv                   text5        00380
___lwdiv@counter           cstackCOMMON 00078
___lwdiv@dividend          cstackCOMMON 00073
___lwdiv@divisor           cstackCOMMON 00071
___lwdiv@quotient          cstackCOMMON 00076
___lwmod                   text4        003B4
___lwmod@counter           cstackBANK0  00021
___lwmod@dividend          cstackCOMMON 0007B
___lwmod@divisor           cstackCOMMON 00079
___sp                      stack        00000
___wmul                    text3        0040D
___wmul@multiplicand       cstackCOMMON 00073
___wmul@multiplier         cstackCOMMON 00071
___wmul@product            cstackCOMMON 00075
__end_of_Lcd_Clear         text12       004B5
__end_of_Lcd_Cmd           text13       00481
__end_of_Lcd_Init          text11       00340
__end_of_Lcd_Port          text14       0045A
__end_of_Lcd_Set_Cursor    text10       00380
__end_of_Lcd_Write_Char    text9        0040D
__end_of_Lcd_Write_String  text8        00442
__end_of___lwdiv           text5        003B4
__end_of___lwmod           text4        003E1
__end_of___wmul            text3        00428
__end_of__initialization   cinit        0004F
__end_of_dpowers           stringtext1  0048B
__end_of_init_int          text7        004AD
__end_of_initial_config    text6        0046E
__end_of_isdigit           text2        0049F
__end_of_main              maintext     001AF
__end_of_sprintf           text1        002FF
__end_of_timer             intentry     00046
__initialization           cinit        00048
__pbssBANK0                bssBANK0     00037
__pcstackBANK0             cstackBANK0  00020
__pcstackCOMMON            cstackCOMMON 00070
__pintentry                intentry     00004
__pmaintext                maintext     00053
__pstringtext1             stringtext1  00481
__pstringtext2             stringtext2  004B5
__pstringtext3             stringtext3  004C1
__pstringtext4             stringtext4  004C6
__pstringtext5             stringtext5  004CB
__pstringtext6             stringtext6  004CF
__pstringtext7             stringtext7  00000
__ptext1                   text1        001AF
__ptext10                  text10       00340
__ptext11                  text11       002FF
__ptext12                  text12       004AD
__ptext13                  text13       0046E
__ptext14                  text14       00442
__ptext2                   text2        00491
__ptext3                   text3        0040D
__ptext4                   text4        003B4
__ptext5                   text5        00380
__ptext6                   text6        0045A
__ptext7                   text7        0049F
__ptext8                   text8        00428
__ptext9                   text9        003E1
__size_of_Lcd_Clear        (abs)        00000
__size_of_Lcd_Cmd          (abs)        00000
__size_of_Lcd_Init         (abs)        00000
__size_of_Lcd_Port         (abs)        00000
__size_of_Lcd_Set_Cursor   (abs)        00000
__size_of_Lcd_Write_Char   (abs)        00000
__size_of_Lcd_Write_String (abs)        00000
__size_of___lwdiv          (abs)        00000
__size_of___lwmod          (abs)        00000
__size_of___wmul           (abs)        00000
__size_of_init_int         (abs)        00000
__size_of_initial_config   (abs)        00000
__size_of_isdigit          (abs)        00000
__size_of_main             (abs)        00000
__size_of_sprintf          (abs)        00000
__size_of_timer            (abs)        00000
_buffer_min                bssBANK0     0003F
_buffer_sec                bssBANK0     00042
_dpowers                   stringtext1  00481
_flag                      bssBANK0     0003D
_idle                      bssBANK0     0003B
_init_int                  text7        0049F
_initial_config            text6        0045A
_isdigit                   text2        00491
_isdigit$584               cstackCOMMON 00071
_main                      maintext     00053
_min                       bssBANK0     00039
_sec                       bssBANK0     00037
_sprintf                   text1        001AF
_timer                     intentry     00004
btemp                      (abs)        0007E
clear_ram0                 clrtext      004BB
end_of_initialization      cinit        0004F
int$flags                  (abs)        0007E
intlevel0                  functab      00000
intlevel1                  functab      00000
intlevel2                  functab      00000
intlevel3                  functab      00000
intlevel4                  functab      00000
intlevel5                  functab      00000
isdigit@c                  cstackCOMMON 00072
main@counter               cstackBANK0  00035
reset_vec                  reset_vec    00000
sprintf@ap                 cstackBANK0  0002A
sprintf@c                  cstackBANK0  00032
sprintf@f                  cstackBANK0  00022
sprintf@flag               cstackBANK0  0002C
sprintf@prec               cstackBANK0  0002B
sprintf@sp                 cstackBANK0  00031
sprintf@val                cstackBANK0  0002D
sprintf@width              cstackBANK0  0002F
stackhi                    (abs)        023EF
stacklo                    (abs)        02025
start                      init         00046
start_initialization       cinit        00048
wtemp0                     (abs)        0007E


FUNCTION INFORMATION:

 *************** function _main *****************
 Defined at:
		line 31 in file "main.c"
 Parameters:    Size  Location     Type
		None
 Auto vars:     Size  Location     Type
  counter         2   21[BANK0 ] int 
 Return value:  Size  Location     Type
                  1    wreg      void 
 Registers used:
		wreg, fsr0l, fsr0h, fsr1l, fsr1h, status,2, status,0, pclath, cstack
 Tracked objects:
		On entry : 
		On exit  : 
		Unchanged: 
 Data sizes:     COMMON   BANK0   BANK1   BANK2   BANK3   BANK4   BANK5   BANK6   BANK7   BANK8   BANK9  BANK10  BANK11  BANK12
      Params:         0       0       0       0       0       0       0       0       0       0       0       0       0       0
      Locals:         0       2       0       0       0       0       0       0       0       0       0       0       0       0
      Temps:          0       2       0       0       0       0       0       0       0       0       0       0       0       0
      Totals:         0       4       0       0       0       0       0       0       0       0       0       0       0       0
Total ram usage:        4 bytes
 Hardware stack levels required when called:    4
 This function calls:
		_Lcd_Clear
		_Lcd_Init
		_Lcd_Set_Cursor
		_Lcd_Write_String
		_init_int
		_initial_config
		_sprintf
 This function is called by:
		Startup code after reset
 This function uses a non-reentrant model


 *************** function _sprintf *****************
 Defined at:
		line 492 in file "C:\Program Files (x86)\Microchip\xc8\v1.45\sources\common\doprnt.c"
 Parameters:    Size  Location     Type
  sp              1    wreg     PTR unsigned char 
		 -> buffer_min(3), buffer_sec(3), 
  f               2    2[BANK0 ] PTR const unsigned char 
		 -> STR_3(4), STR_2(4), 
 Auto vars:     Size  Location     Type
  sp              1   17[BANK0 ] PTR unsigned char 
		 -> buffer_min(3), buffer_sec(3), 
  tmpval          4    0        struct .
  width           2   15[BANK0 ] int 
  val             2   13[BANK0 ] unsigned int 
  cp              2    0        PTR const unsigned char 
  len             2    0        unsigned int 
  c               1   18[BANK0 ] char 
  flag            1   12[BANK0 ] unsigned char 
  prec            1   11[BANK0 ] char 
  ap              1   10[BANK0 ] PTR void [1]
		 -> ?_sprintf(2), 
 Return value:  Size  Location     Type
                  2    2[BANK0 ] int 
 Registers used:
		wreg, fsr0l, fsr0h, fsr1l, fsr1h, status,2, status,0, pclath, cstack
 Tracked objects:
		On entry : 
		On exit  : 
		Unchanged: 
 Data sizes:     COMMON   BANK0   BANK1   BANK2   BANK3   BANK4   BANK5   BANK6   BANK7   BANK8   BANK9  BANK10  BANK11  BANK12
      Params:         0       4       0       0       0       0       0       0       0       0       0       0       0       0
      Locals:         0       9       0       0       0       0       0       0       0       0       0       0       0       0
      Temps:          0       4       0       0       0       0       0       0       0       0       0       0       0       0
      Totals:         0      17       0       0       0       0       0       0       0       0       0       0       0       0
Total ram usage:       17 bytes
 Hardware stack levels used:    1
 Hardware stack levels required when called:    2
 This function calls:
		___lwdiv
		___lwmod
		___wmul
		_isdigit
 This function is called by:
		_main
 This function uses a non-reentrant model


 *************** function _isdigit *****************
 Defined at:
		line 8 in file "C:\Program Files (x86)\Microchip\xc8\v1.45\sources\common\isdigit.c"
 Parameters:    Size  Location     Type
  c               1    wreg     unsigned char 
 Auto vars:     Size  Location     Type
  c               1    2[COMMON] unsigned char 
 Return value:  Size  Location     Type
		None               void
 Registers used:
		wreg, status,2, status,0
 Tracked objects:
		On entry : 
		On exit  : 
		Unchanged: 
 Data sizes:     COMMON   BANK0   BANK1   BANK2   BANK3   BANK4   BANK5   BANK6   BANK7   BANK8   BANK9  BANK10  BANK11  BANK12
      Params:         0       0       0       0       0       0       0       0       0       0       0       0       0       0
      Locals:         2       0       0       0       0       0       0       0       0       0       0       0       0       0
      Temps:          0       0       0       0       0       0       0       0       0       0       0       0       0       0
      Totals:         2       0       0       0       0       0       0       0       0       0       0       0       0       0
Total ram usage:        2 bytes
 Hardware stack levels used:    1
 Hardware stack levels required when called:    1
 This function calls:
		Nothing
 This function is called by:
		_sprintf
 This function uses a non-reentrant model


 *************** function ___wmul *****************
 Defined at:
		line 15 in file "C:\Program Files (x86)\Microchip\xc8\v1.45\sources\common\Umul16.c"
 Parameters:    Size  Location     Type
  multiplier      2    1[COMMON] unsigned int 
  multiplicand    2    3[COMMON] unsigned int 
 Auto vars:     Size  Location     Type
  product         2    5[COMMON] unsigned int 
 Return value:  Size  Location     Type
                  2    1[COMMON] unsigned int 
 Registers used:
		wreg, status,2, status,0
 Tracked objects:
		On entry : 
		On exit  : 
		Unchanged: 
 Data sizes:     COMMON   BANK0   BANK1   BANK2   BANK3   BANK4   BANK5   BANK6   BANK7   BANK8   BANK9  BANK10  BANK11  BANK12
      Params:         4       0       0       0       0       0       0       0       0       0       0       0       0       0
      Locals:         2       0       0       0       0       0       0       0       0       0       0       0       0       0
      Temps:          0       0       0       0       0       0       0       0       0       0       0       0       0       0
      Totals:         6       0       0       0       0       0       0       0       0       0       0       0       0       0
Total ram usage:        6 bytes
 Hardware stack levels used:    1
 Hardware stack levels required when called:    1
 This function calls:
		Nothing
 This function is called by:
		_sprintf
 This function uses a non-reentrant model


 *************** function ___lwmod *****************
 Defined at:
		line 6 in file "C:\Program Files (x86)\Microchip\xc8\v1.45\sources\common\lwmod.c"
 Parameters:    Size  Location     Type
  divisor         2    9[COMMON] unsigned int 
  dividend        2   11[COMMON] unsigned int 
 Auto vars:     Size  Location     Type
  counter         1    1[BANK0 ] unsigned char 
 Return value:  Size  Location     Type
                  2    9[COMMON] unsigned int 
 Registers used:
		wreg, status,2, status,0
 Tracked objects:
		On entry : 
		On exit  : 
		Unchanged: 
 Data sizes:     COMMON   BANK0   BANK1   BANK2   BANK3   BANK4   BANK5   BANK6   BANK7   BANK8   BANK9  BANK10  BANK11  BANK12
      Params:         4       0       0       0       0       0       0       0       0       0       0       0       0       0
      Locals:         0       1       0       0       0       0       0       0       0       0       0       0       0       0
      Temps:          0       1       0       0       0       0       0       0       0       0       0       0       0       0
      Totals:         4       2       0       0       0       0       0       0       0       0       0       0       0       0
Total ram usage:        6 bytes
 Hardware stack levels used:    1
 Hardware stack levels required when called:    1
 This function calls:
		Nothing
 This function is called by:
		_sprintf
 This function uses a non-reentrant model


 *************** function ___lwdiv *****************
 Defined at:
		line 6 in file "C:\Program Files (x86)\Microchip\xc8\v1.45\sources\common\lwdiv.c"
 Parameters:    Size  Location     Type
  divisor         2    1[COMMON] unsigned int 
  dividend        2    3[COMMON] unsigned int 
 Auto vars:     Size  Location     Type
  quotient        2    6[COMMON] unsigned int 
  counter         1    8[COMMON] unsigned char 
 Return value:  Size  Location     Type
                  2    1[COMMON] unsigned int 
 Registers used:
		wreg, status,2, status,0
 Tracked objects:
		On entry : 
		On exit  : 
		Unchanged: 
 Data sizes:     COMMON   BANK0   BANK1   BANK2   BANK3   BANK4   BANK5   BANK6   BANK7   BANK8   BANK9  BANK10  BANK11  BANK12
      Params:         4       0       0       0       0       0       0       0       0       0       0       0       0       0
      Locals:         3       0       0       0       0       0       0       0       0       0       0       0       0       0
      Temps:          1       0       0       0       0       0       0       0       0       0       0       0       0       0
      Totals:         8       0       0       0       0       0       0       0       0       0       0       0       0       0
Total ram usage:        8 bytes
 Hardware stack levels used:    1
 Hardware stack levels required when called:    1
 This function calls:
		Nothing
 This function is called by:
		_sprintf
 This function uses a non-reentrant model


 *************** function _initial_config *****************
 Defined at:
		line 31 in file "config.c"
 Parameters:    Size  Location     Type
		None
 Auto vars:     Size  Location     Type
		None
 Return value:  Size  Location     Type
                  1    wreg      void 
 Registers used:
		status,2
 Tracked objects:
		On entry : 
		On exit  : 
		Unchanged: 
 Data sizes:     COMMON   BANK0   BANK1   BANK2   BANK3   BANK4   BANK5   BANK6   BANK7   BANK8   BANK9  BANK10  BANK11  BANK12
      Params:         0       0       0       0       0       0       0       0       0       0       0       0       0       0
      Locals:         0       0       0       0       0       0       0       0       0       0       0       0       0       0
      Temps:          0       0       0       0       0       0       0       0       0       0       0       0       0       0
      Totals:         0       0       0       0       0       0       0       0       0       0       0       0       0       0
Total ram usage:        0 bytes
 Hardware stack levels used:    1
 Hardware stack levels required when called:    1
 This function calls:
		Nothing
 This function is called by:
		_main
 This function uses a non-reentrant model


 *************** function _init_int *****************
 Defined at:
		line 13 in file "config.c"
 Parameters:    Size  Location     Type
		None
 Auto vars:     Size  Location     Type
		None
 Return value:  Size  Location     Type
                  1    wreg      void 
 Registers used:
		wreg, status,2
 Tracked objects:
		On entry : 
		On exit  : 
		Unchanged: 
 Data sizes:     COMMON   BANK0   BANK1   BANK2   BANK3   BANK4   BANK5   BANK6   BANK7   BANK8   BANK9  BANK10  BANK11  BANK12
      Params:         0       0       0       0       0       0       0       0       0       0       0       0       0       0
      Locals:         0       0       0       0       0       0       0       0       0       0       0       0       0       0
      Temps:          0       0       0       0       0       0       0       0       0       0       0       0       0       0
      Totals:         0       0       0       0       0       0       0       0       0       0       0       0       0       0
Total ram usage:        0 bytes
 Hardware stack levels used:    1
 Hardware stack levels required when called:    1
 This function calls:
		Nothing
 This function is called by:
		_main
 This function uses a non-reentrant model


 *************** function _Lcd_Write_String *****************
 Defined at:
		line 102 in file "lcd.h"
 Parameters:    Size  Location     Type
  a               2    6[COMMON] PTR unsigned char 
		 -> STR_12(6), STR_11(6), STR_10(5), STR_9(6), 
		 -> STR_8(5), STR_7(6), STR_6(3), STR_5(2), 
		 -> STR_4(3), buffer_min(3), buffer_sec(3), STR_1(5), 
 Auto vars:     Size  Location     Type
  i               2    9[COMMON] int 
 Return value:  Size  Location     Type
                  1    wreg      void 
 Registers used:
		wreg, fsr0l, fsr0h, status,2, status,0, pclath, cstack
 Tracked objects:
		On entry : 
		On exit  : 
		Unchanged: 
 Data sizes:     COMMON   BANK0   BANK1   BANK2   BANK3   BANK4   BANK5   BANK6   BANK7   BANK8   BANK9  BANK10  BANK11  BANK12
      Params:         2       0       0       0       0       0       0       0       0       0       0       0       0       0
      Locals:         2       0       0       0       0       0       0       0       0       0       0       0       0       0
      Temps:          1       0       0       0       0       0       0       0       0       0       0       0       0       0
      Totals:         5       0       0       0       0       0       0       0       0       0       0       0       0       0
Total ram usage:        5 bytes
 Hardware stack levels used:    1
 Hardware stack levels required when called:    3
 This function calls:
		_Lcd_Write_Char
 This function is called by:
		_main
 This function uses a non-reentrant model


 *************** function _Lcd_Write_Char *****************
 Defined at:
		line 86 in file "lcd.h"
 Parameters:    Size  Location     Type
  a               1    wreg     unsigned char 
 Auto vars:     Size  Location     Type
  a               1    5[COMMON] unsigned char 
  y               1    4[COMMON] unsigned char 
  temp            1    3[COMMON] unsigned char 
 Return value:  Size  Location     Type
                  1    wreg      void 
 Registers used:
		wreg, status,2, status,0, pclath, cstack
 Tracked objects:
		On entry : 
		On exit  : 
		Unchanged: 
 Data sizes:     COMMON   BANK0   BANK1   BANK2   BANK3   BANK4   BANK5   BANK6   BANK7   BANK8   BANK9  BANK10  BANK11  BANK12
      Params:         0       0       0       0       0       0       0       0       0       0       0       0       0       0
      Locals:         3       0       0       0       0       0       0       0       0       0       0       0       0       0
      Temps:          1       0       0       0       0       0       0       0       0       0       0       0       0       0
      Totals:         4       0       0       0       0       0       0       0       0       0       0       0       0       0
Total ram usage:        4 bytes
 Hardware stack levels used:    1
 Hardware stack levels required when called:    2
 This function calls:
		_Lcd_Port
 This function is called by:
		_Lcd_Write_String
 This function uses a non-reentrant model


 *************** function _Lcd_Set_Cursor *****************
 Defined at:
		line 46 in file "lcd.h"
 Parameters:    Size  Location     Type
  a               1    wreg     unsigned char 
  b               1    4[COMMON] unsigned char 
 Auto vars:     Size  Location     Type
  a               1    7[COMMON] unsigned char 
  temp            1   10[COMMON] unsigned char 
  y               1    9[COMMON] unsigned char 
  z               1    8[COMMON] unsigned char 
 Return value:  Size  Location     Type
                  1    wreg      void 
 Registers used:
		wreg, status,2, status,0, pclath, cstack
 Tracked objects:
		On entry : 
		On exit  : 
		Unchanged: 
 Data sizes:     COMMON   BANK0   BANK1   BANK2   BANK3   BANK4   BANK5   BANK6   BANK7   BANK8   BANK9  BANK10  BANK11  BANK12
      Params:         1       0       0       0       0       0       0       0       0       0       0       0       0       0
      Locals:         4       0       0       0       0       0       0       0       0       0       0       0       0       0
      Temps:          2       0       0       0       0       0       0       0       0       0       0       0       0       0
      Totals:         7       0       0       0       0       0       0       0       0       0       0       0       0       0
Total ram usage:        7 bytes
 Hardware stack levels used:    1
 Hardware stack levels required when called:    3
 This function calls:
		_Lcd_Cmd
 This function is called by:
		_main
 This function uses a non-reentrant model


 *************** function _Lcd_Init *****************
 Defined at:
		line 67 in file "lcd.h"
 Parameters:    Size  Location     Type
		None
 Auto vars:     Size  Location     Type
		None
 Return value:  Size  Location     Type
                  1    wreg      void 
 Registers used:
		wreg, status,2, status,0, pclath, cstack
 Tracked objects:
		On entry : 
		On exit  : 
		Unchanged: 
 Data sizes:     COMMON   BANK0   BANK1   BANK2   BANK3   BANK4   BANK5   BANK6   BANK7   BANK8   BANK9  BANK10  BANK11  BANK12
      Params:         0       0       0       0       0       0       0       0       0       0       0       0       0       0
      Locals:         0       0       0       0       0       0       0       0       0       0       0       0       0       0
      Temps:          1       0       0       0       0       0       0       0       0       0       0       0       0       0
      Totals:         1       0       0       0       0       0       0       0       0       0       0       0       0       0
Total ram usage:        1 bytes
 Hardware stack levels used:    1
 Hardware stack levels required when called:    3
 This function calls:
		_Lcd_Cmd
		_Lcd_Port
 This function is called by:
		_main
 This function uses a non-reentrant model


 *************** function _Lcd_Clear *****************
 Defined at:
		line 40 in file "lcd.h"
 Parameters:    Size  Location     Type
		None
 Auto vars:     Size  Location     Type
		None
 Return value:  Size  Location     Type
                  2   54[None  ] int 
 Registers used:
		wreg, status,2, status,0, pclath, cstack
 Tracked objects:
		On entry : 
		On exit  : 
		Unchanged: 
 Data sizes:     COMMON   BANK0   BANK1   BANK2   BANK3   BANK4   BANK5   BANK6   BANK7   BANK8   BANK9  BANK10  BANK11  BANK12
      Params:         0       0       0       0       0       0       0       0       0       0       0       0       0       0
      Locals:         0       0       0       0       0       0       0       0       0       0       0       0       0       0
      Temps:          0       0       0       0       0       0       0       0       0       0       0       0       0       0
      Totals:         0       0       0       0       0       0       0       0       0       0       0       0       0       0
Total ram usage:        0 bytes
 Hardware stack levels used:    1
 Hardware stack levels required when called:    3
 This function calls:
		_Lcd_Cmd
 This function is called by:
		_main
 This function uses a non-reentrant model


 *************** function _Lcd_Cmd *****************
 Defined at:
		line 31 in file "lcd.h"
 Parameters:    Size  Location     Type
  a               1    wreg     unsigned char 
 Auto vars:     Size  Location     Type
  a               1    3[COMMON] unsigned char 
 Return value:  Size  Location     Type
                  1    wreg      void 
 Registers used:
		wreg, status,2, status,0, pclath, cstack
 Tracked objects:
		On entry : 
		On exit  : 
		Unchanged: 
 Data sizes:     COMMON   BANK0   BANK1   BANK2   BANK3   BANK4   BANK5   BANK6   BANK7   BANK8   BANK9  BANK10  BANK11  BANK12
      Params:         0       0       0       0       0       0       0       0       0       0       0       0       0       0
      Locals:         1       0       0       0       0       0       0       0       0       0       0       0       0       0
      Temps:          1       0       0       0       0       0       0       0       0       0       0       0       0       0
      Totals:         2       0       0       0       0       0       0       0       0       0       0       0       0       0
Total ram usage:        2 bytes
 Hardware stack levels used:    1
 Hardware stack levels required when called:    2
 This function calls:
		_Lcd_Port
 This function is called by:
		_Lcd_Clear
		_Lcd_Set_Cursor
		_Lcd_Init
		_Lcd_Shift_Right
		_Lcd_Shift_Left
 This function uses a non-reentrant model


 *************** function _Lcd_Port *****************
 Defined at:
		line 9 in file "lcd.h"
 Parameters:    Size  Location     Type
  a               1    wreg     unsigned char 
 Auto vars:     Size  Location     Type
  a               1    1[COMMON] unsigned char 
 Return value:  Size  Location     Type
                  1    wreg      void 
 Registers used:
		wreg
 Tracked objects:
		On entry : 
		On exit  : 
		Unchanged: 
 Data sizes:     COMMON   BANK0   BANK1   BANK2   BANK3   BANK4   BANK5   BANK6   BANK7   BANK8   BANK9  BANK10  BANK11  BANK12
      Params:         0       0       0       0       0       0       0       0       0       0       0       0       0       0
      Locals:         1       0       0       0       0       0       0       0       0       0       0       0       0       0
      Temps:          0       0       0       0       0       0       0       0       0       0       0       0       0       0
      Totals:         1       0       0       0       0       0       0       0       0       0       0       0       0       0
Total ram usage:        1 bytes
 Hardware stack levels used:    1
 Hardware stack levels required when called:    1
 This function calls:
		Nothing
 This function is called by:
		_Lcd_Cmd
		_Lcd_Init
		_Lcd_Write_Char
 This function uses a non-reentrant model


 *************** function _timer *****************
 Defined at:
		line 136 in file "main.c"
 Parameters:    Size  Location     Type
		None
 Auto vars:     Size  Location     Type
		None
 Return value:  Size  Location     Type
                  1    wreg      void 
 Registers used:
		wreg, fsr0l, fsr0h, status,2, status,0
 Tracked objects:
		On entry : 
		On exit  : 
		Unchanged: 
 Data sizes:     COMMON   BANK0   BANK1   BANK2   BANK3   BANK4   BANK5   BANK6   BANK7   BANK8   BANK9  BANK10  BANK11  BANK12
      Params:         0       0       0       0       0       0       0       0       0       0       0       0       0       0
      Locals:         0       0       0       0       0       0       0       0       0       0       0       0       0       0
      Temps:          1       0       0       0       0       0       0       0       0       0       0       0       0       0
      Totals:         1       0       0       0       0       0       0       0       0       0       0       0       0       0
Total ram usage:        1 bytes
 Hardware stack levels used:    1
 This function calls:
		Nothing
 This function is called by:
		Interrupt level 1
 This function uses a non-reentrant model



MODULE INFORMATION

Module		Function		Class		Link	Load	Size
C:\Program Files (x86)\Microchip\xc8\v1.45\sources\common\doprnt.c
		_sprintf       		CODE           	01AF	0000	337

C:\Program Files (x86)\Microchip\xc8\v1.45\sources\common\doprnt.c estimated size: 337

C:\Program Files (x86)\Microchip\xc8\v1.45\sources\common\Umul16.c
		___wmul        		CODE           	040D	0000	28

C:\Program Files (x86)\Microchip\xc8\v1.45\sources\common\Umul16.c estimated size: 28

C:\Program Files (x86)\Microchip\xc8\v1.45\sources\common\isdigit.c
		_isdigit       		CODE           	0491	0000	15

C:\Program Files (x86)\Microchip\xc8\v1.45\sources\common\isdigit.c estimated size: 15

C:\Program Files (x86)\Microchip\xc8\v1.45\sources\common\lwmod.c
		___lwmod       		CODE           	03B4	0000	46

C:\Program Files (x86)\Microchip\xc8\v1.45\sources\common\lwmod.c estimated size: 46

config.c
		_initial_config		CODE           	045A	0000	21
		_init_int      		CODE           	049F	0000	15

config.c estimated size: 36

shared
		_dpowers       		STRCODE        	0481	0000	11
		__initialization		CODE           	0048	0000	8

shared estimated size: 19

C:\Program Files (x86)\Microchip\xc8\v1.45\sources\common\lwdiv.c
		___lwdiv       		CODE           	0380	0000	53

C:\Program Files (x86)\Microchip\xc8\v1.45\sources\common\lwdiv.c estimated size: 53

lcd.h
		_Lcd_Write_String		CODE           	0428	0000	27
		_Lcd_Init      		CODE           	02FF	0000	66
		_Lcd_Write_Char		CODE           	03E1	0000	45
		_Lcd_Cmd       		CODE           	046E	0000	20
		_Lcd_Set_Cursor		CODE           	0340	0000	65
		_Lcd_Clear     		CODE           	04AD	0000	9
		_Lcd_Port      		CODE           	0442	0000	25

lcd.h estimated size: 257

main.c
		_main          		CODE           	0053	0000	349
		_timer         		CODE           	0004	0000	67

main.c estimated size: 416

